   1                             		.file	"sakke.c"
   2                             		.section P,"ax"
   3                             	.Ltext0:
   4                             	.Letext0:
   5                             		.file 1 "c:\\programdata\\gcc for renesas rx 8.3.0.202202-gnurx-elf\\rx-elf\\rx-elf\\lib\\gcc\\rx-
   6                             		.file 2 "c:\\programdata\\gcc for renesas rx 8.3.0.202202-gnurx-elf\\rx-elf\\rx-elf\\rx-elf\\inclu
   7                             		.file 3 "c:\\programdata\\gcc for renesas rx 8.3.0.202202-gnurx-elf\\rx-elf\\rx-elf\\rx-elf\\inclu
   8                             		.file 4 "c:\\programdata\\gcc for renesas rx 8.3.0.202202-gnurx-elf\\rx-elf\\rx-elf\\rx-elf\\inclu
   9                             		.file 5 "c:\\programdata\\gcc for renesas rx 8.3.0.202202-gnurx-elf\\rx-elf\\rx-elf\\rx-elf\\inclu
  10                             		.file 6 "c:\\programdata\\gcc for renesas rx 8.3.0.202202-gnurx-elf\\rx-elf\\rx-elf\\rx-elf\\inclu
  11                             		.file 7 "c:\\programdata\\gcc for renesas rx 8.3.0.202202-gnurx-elf\\rx-elf\\rx-elf\\rx-elf\\inclu
